// Jest Snapshot v1, https://goo.gl/fbAQLP

exports[`Snapshot of component Matches snapshot in default state 1`] = `
<form
  className="NewPhotoForm"
  onSubmit={[Function]}
>
  <input
    id="title"
    name="title"
    onChange={[Function]}
    placeholder="Title"
    type="text"
  />
  <input
    id="url"
    name="url"
    onChange={[Function]}
    placeholder="Image url"
    type="url"
  />
  <input
    name="thumbnailUrl"
    onChange={[Function]}
    placeholder="thumbnail url"
    type="url"
  />
  <input
    className="cta"
    type="submit"
    value="Create New Photo"
  />
</form>
`;
